---
source: src/command/parser.rs
expression: results
---
[
    ParseResult {
        cmds: [
            Command {
                tokens: [
                    Token {
                        lexeme: "ls",
                        token_type: Word(
                            Text,
                        ),
                        line: 0,
                        range: (
                            0,
                            1,
                        ),
                    },
                    Token {
                        lexeme: "-6",
                        token_type: Word(
                            Text,
                        ),
                        line: 0,
                        range: (
                            3,
                            4,
                        ),
                    },
                ],
                path: "ls",
                negate_exit_status: false,
                is_unqualified_path: true,
            },
        ],
        execute_mode: Normal,
        exit_term: false,
        operator_for_next_exec: Some(
            RedirectOutput(
                Some(
                    2,
                ),
            ),
        ),
    },
    ParseResult {
        cmds: [
            Command {
                tokens: [
                    Token {
                        lexeme: "file.txt",
                        token_type: Word(
                            Text,
                        ),
                        line: 0,
                        range: (
                            9,
                            16,
                        ),
                    },
                ],
                path: "file.txt",
                negate_exit_status: false,
                is_unqualified_path: true,
            },
        ],
        execute_mode: Normal,
        exit_term: false,
        operator_for_next_exec: None,
    },
]
