---
source: src/command/parser.rs
expression: results
---
[
    ParseResult {
        cmds: [
            Command {
                tokens: [
                    Token {
                        lexeme: "ls",
                        token_type: Word(
                            Text,
                        ),
                        line: 0,
                        range: (
                            0,
                            1,
                        ),
                    },
                    Token {
                        lexeme: "-la",
                        token_type: Word(
                            Text,
                        ),
                        line: 0,
                        range: (
                            3,
                            5,
                        ),
                    },
                ],
                path: "ls",
                negate_exit_status: false,
                is_unqualified_path: false,
            },
        ],
        execute_mode: Normal,
        exit_term: false,
        operator_for_next_exec: Some(
            Semicolon,
        ),
    },
    ParseResult {
        cmds: [
            Command {
                tokens: [
                    Token {
                        lexeme: "echo",
                        token_type: Word(
                            Text,
                        ),
                        line: 0,
                        range: (
                            9,
                            12,
                        ),
                    },
                    Token {
                        lexeme: "foo",
                        token_type: Word(
                            Text,
                        ),
                        line: 0,
                        range: (
                            14,
                            16,
                        ),
                    },
                ],
                path: "echo",
                negate_exit_status: false,
                is_unqualified_path: false,
            },
        ],
        execute_mode: Normal,
        exit_term: false,
        operator_for_next_exec: None,
    },
]
