---
source: src/command/lexer.rs
expression: lexer.tokens
---
[
    Token {
        lexeme: "ls",
        token_type: Word(
            Text,
        ),
        line: 0,
        range: (
            0,
            1,
        ),
    },
]
